<html>
<body>
<pre>
<h1>礦ision Build Log</h1>
<h2>Tool Versions:</h2>
IDE-Version: μVision V5.21.1.0
Copyright (C) 2016 ARM Ltd and ARM Germany GmbH. All rights reserved.
License Information: micha ma, SHU, LIC=BL28T-RGCZZ-JPBZQ-NXL9B-18VHF-BEFIK
 
Tool Versions:
Toolchain:       MDK-ARM Professional  Version: 5.21a
Toolchain Path:  E:\Keil_v5\ARM\ARMCC\Bin
C Compiler:      Armcc.exe V5.06 update 3 (build 300)
Assembler:       Armasm.exe V5.06 update 3 (build 300)
Linker/Locator:  ArmLink.exe V5.06 update 3 (build 300)
Library Manager: ArmAr.exe V5.06 update 3 (build 300)
Hex Converter:   FromElf.exe V5.06 update 3 (build 300)
CPU DLL:         SARMCM3.DLL V5.21a
Dialog DLL:      DCM.DLL V1.13.8.0
Target DLL:      STLink\ST-LINKIII-KEIL_SWO.dll V2.0.18.0
Dialog DLL:      TCM.DLL V1.14.14.0
 
<h2>Project:</h2>
D:\1科研项目\清洁车\程序备份\程序-组合仪表（电动版20180824)-归档-2\USER\VGA.uvprojx
Project File Date:  03/16/2018

<h2>Output:</h2>
*** Using Compiler 'V5.06 update 3 (build 300)', folder: 'E:\Keil_v5\ARM\ARMCC\Bin'
Build target 'TEST'
compiling display.c...
linking...
Program Size: Code=149506 RO-data=93282 RW-data=1104 ZI-data=33032648  
FromELF: creating hex file...
"..\OBJ\TEST.axf" - 0 Error(s), 0 Warning(s).

<h2>Collection of Component include folders:</h2>
  D:\1科研项目\清洁车\程序备份\程序-组合仪表（电动版20180824)-归档-2\USER\RTE
  E:\Keil_v5\ARM\PACK\Keil\STM32F7xx_DFP\2.7.0\Drivers\CMSIS\Device\ST\STM32F7xx\Include

<h2>Collection of Component Files used:</h2>
Build Time Elapsed:  00:00:07
</pre>
</body>
</html>
